[www.rathan.cz/index.html]
[backblue.gif]
[fade.gif]
[index.html]
[www.rathan.cz/wp-content/themes/astra/assets/css/minified/style.min77e6.css]
[www.rathan.cz/wp-content/themes/astra/assets/fonts/astra.woff]
[www.rathan.cz/feed/index.html]
[www.rathan.cz/comments/feed/index.html]
[www.rathan.cz/wp-content/themes/astra/assets/css/minified/menu-animation.min77e6.css]
[www.rathan.cz/wp-includes/css/dist/block-library/style.mine159.css]
[www.rathan.cz/wp-content/plugins/simple-event-planner/public/css/simple-event-planner-publice1fc.css]
[www.rathan.cz/wp-content/plugins/simple-event-planner/public/css/font-awesome.min1849.css]
[www.rathan.cz/wp-content/plugins/header-footer-elementor/assets/css/header-footer-elementor10ef.css]
[www.rathan.cz/wp-content/plugins/elementor/assets/lib/eicons/css/elementor-icons.mine127.css]
[www.rathan.cz/wp-content/plugins/elementor/assets/css/frontend-legacy.min12f9.css]
[www.rathan.cz/wp-content/plugins/elementor/assets/css/frontend.min12f9.css]
[www.rathan.cz/wp-content/uploads/elementor/css/post-52180dd.css]
[www.rathan.cz/wp-content/plugins/elementor/assets/lib/font-awesome/css/all.min12f9.css]
[www.rathan.cz/wp-content/plugins/elementor/assets/lib/font-awesome/css/v4-shims.min12f9.css]
[www.rathan.cz/wp-content/uploads/elementor/css/post-128186.css]
[www.rathan.cz/wp-content/plugins/header-footer-elementor/inc/widgets-css/frontend10ef.css]
[www.rathan.cz/wp-content/uploads/elementor/css/post-108dafa.css]
[www.rathan.cz/wp-content/plugins/essential-addons-for-elementor-lite/assets/front-end/css/view/general.minb318.css]
[www.rathan.cz/wp-content/plugins/elementor/assets/lib/font-awesome/css/fontawesome.min52d5.css]
[www.rathan.cz/wp-content/plugins/elementor/assets/lib/font-awesome/css/solid.min52d5.css]
[www.rathan.cz/wp-content/plugins/elementor/assets/lib/font-awesome/css/brands.min52d5.css]
[www.rathan.cz/wp-includes/js/jquery/jquery4a5f.js]
[www.rathan.cz/wp-includes/js/jquery/jquery-migrate.min330a.js]
[www.rathan.cz/wp-content/plugins/elementor/assets/lib/font-awesome/js/v4-shims.min12f9.js]
[www.rathan.cz/wp-content/plugins/wp-statistics/assets/js/trackere159.js]
[www.rathan.cz/xmlrpc0db0.php]
[www.rathan.cz/wp-json/index.html]
[www.rathan.cz/wp-includes/wlwmanifest.xml]
[www.rathan.cz/wp-json/oembed/1.0/embed9ab6.json]
[www.rathan.cz/wp-json/oembed/1.0/embed3f9c]
[www.rathan.cz/wp-content/uploads/2020/01/cropped-LogoMakr_0XZYna-32x32.png]
[www.rathan.cz/wp-content/uploads/2020/01/cropped-LogoMakr_0XZYna-192x192.png]
[www.rathan.cz/wp-content/uploads/2020/01/cropped-LogoMakr_0XZYna-180x180.png]
[www.rathan.cz/wp-content/uploads/2020/01/LogoMakr_6TuQc6-149x60.png]
[www.rathan.cz/wp-content/uploads/2020/01/web1.jpg]
[www.rathan.cz/wp-content/plugins/elementor/assets/lib/animations/animations.min12f9.css]
[www.rathan.cz/wp-content/themes/astra/assets/js/minified/style.min77e6.js]
[www.rathan.cz/wp-content/plugins/essential-addons-for-elementor-lite/assets/front-end/js/view/general.minb318.js]
[www.rathan.cz/wp-includes/js/wp-embed.mine159.js]
[www.rathan.cz/events/xl-horacky-bal/index.html]
[www.rathan.cz/wp-content/plugins/elementor/assets/js/webpack.runtime.min12f9.js]
[www.rathan.cz/wp-content/plugins/elementor/assets/js/frontend-modules.min12f9.js]
[www.rathan.cz/wp-content/plugins/elementor/assets/lib/waypoints/waypoints.min05da.js]
[www.rathan.cz/wp-includes/js/jquery/ui/position.mine899.js]
[www.rathan.cz/events/ples-mesta-trebic/index.html]
[www.rathan.cz/wp-content/plugins/elementor/assets/lib/swiper/swiper.min48f5.js]
[www.rathan.cz/wp-content/plugins/elementor/assets/lib/share-link/share-link.min12f9.js]
[www.rathan.cz/wp-content/plugins/elementor/assets/lib/dialog/dialog.mind227.js]
[www.rathan.cz/wp-content/plugins/elementor/assets/js/frontend.min12f9.js]
[www.rathan.cz/wp-content/plugins/elementor/assets/js/preloaded-modules.min12f9.js]
[www.rathan.cz/events/ples-mesta-namest-nad-oslavou-2/index.html]
[www.rathan.cz/wp-includes/js/underscore.min4511.js]
[www.rathan.cz/wp-includes/js/wp-util.mine159.js]
[www.rathan.cz/index.html]
[www.rathan.cz/wp-content/themes/astra/assets/css/minified/style.min77e6.css]
[www.rathan.cz/wp-content/themes/astra/assets/css/minified/menu-animation.min77e6.css]
[www.rathan.cz/wp-includes/css/dist/block-library/style.mine159.css]
[www.rathan.cz/wp-content/plugins/wpforms-lite/assets/js/integrations/elementor/frontend.minbbb9.js]
[www.rathan.cz/wp-content/plugins/simple-event-planner/public/images/select-arrow.png]
[www.rathan.cz/wp-content/plugins/simple-event-planner/public/images/left-arrow.jpg]
[www.rathan.cz/wp-content/plugins/simple-event-planner/public/images/right-arrow.jpg]
[www.rathan.cz/wp-content/plugins/simple-event-planner/public/css/simple-event-planner-publice1fc.css]
[www.rathan.cz/wp-content/plugins/simple-event-planner/public/fonts/fontawesome-webfont3e6e.eot]
[www.rathan.cz/wp-content/plugins/simple-event-planner/public/fonts/fontawesome-webfontd41d.eot]
[www.rathan.cz/wp-content/plugins/simple-event-planner/public/fonts/fontawesome-webfont3e6e.woff2]
[www.rathan.cz/wp-content/plugins/simple-event-planner/public/fonts/fontawesome-webfont3e6e.woff]
[www.rathan.cz/wp-content/plugins/simple-event-planner/public/fonts/fontawesome-webfont3e6e.ttf]
[www.rathan.cz/wp-content/plugins/simple-event-planner/public/css/font-awesome.min1849.css]
[www.rathan.cz/wp-content/plugins/header-footer-elementor/assets/css/header-footer-elementor10ef.css]
[www.rathan.cz/wp-content/plugins/simple-event-planner/public/fonts/fontawesome-webfont3e6e.svg]
[www.rathan.cz/wp-content/plugins/elementor/assets/lib/eicons/fonts/eicons1ecc.eot]
[www.rathan.cz/wp-content/plugins/elementor/assets/lib/eicons/fonts/eicons1ecc.woff2]
[www.rathan.cz/wp-content/plugins/elementor/assets/lib/eicons/fonts/eicons1ecc.woff]
[www.rathan.cz/wp-content/plugins/elementor/assets/lib/eicons/fonts/eicons1ecc.ttf]
[www.rathan.cz/wp-content/plugins/elementor/assets/lib/eicons/css/elementor-icons.mine127.css]
[www.rathan.cz/wp-content/plugins/elementor/assets/css/frontend-legacy.min12f9.css]
[www.rathan.cz/wp-content/plugins/elementor/assets/css/frontend.min12f9.css]
[www.rathan.cz/wp-content/uploads/elementor/css/post-52180dd.css]
[www.rathan.cz/wp-content/plugins/elementor/assets/lib/eicons/fonts/eicons1ecc.svg]
[www.rathan.cz/wp-content/plugins/elementor/assets/lib/font-awesome/webfonts/fa-brands-400.eot]
[www.rathan.cz/wp-content/plugins/elementor/assets/lib/font-awesome/webfonts/fa-brands-400d41d.eot]
[www.rathan.cz/wp-content/plugins/elementor/assets/lib/font-awesome/webfonts/fa-brands-400.woff2]
[www.rathan.cz/wp-content/plugins/elementor/assets/lib/font-awesome/webfonts/fa-brands-400.woff]
[www.rathan.cz/wp-content/plugins/elementor/assets/lib/font-awesome/webfonts/fa-brands-400.ttf]
[www.rathan.cz/wp-content/plugins/elementor/assets/lib/font-awesome/webfonts/fa-brands-400.svg]
[www.rathan.cz/wp-content/plugins/elementor/assets/lib/font-awesome/webfonts/fa-regular-400.eot]
[www.rathan.cz/wp-content/plugins/elementor/assets/lib/font-awesome/webfonts/fa-regular-400d41d.eot]
[www.rathan.cz/wp-content/plugins/elementor/assets/lib/font-awesome/webfonts/fa-regular-400.woff2]
[www.rathan.cz/wp-content/plugins/elementor/assets/lib/font-awesome/webfonts/fa-regular-400.woff]
[www.rathan.cz/wp-content/plugins/elementor/assets/lib/font-awesome/webfonts/fa-regular-400.ttf]
[www.rathan.cz/wp-content/plugins/elementor/assets/lib/font-awesome/webfonts/fa-regular-400.svg]
[www.rathan.cz/wp-content/plugins/elementor/assets/lib/font-awesome/webfonts/fa-solid-900.eot]
[www.rathan.cz/wp-content/plugins/elementor/assets/lib/font-awesome/webfonts/fa-solid-900d41d.eot]
[www.rathan.cz/wp-content/plugins/elementor/assets/lib/font-awesome/webfonts/fa-solid-900.woff2]
[www.rathan.cz/wp-content/plugins/elementor/assets/lib/font-awesome/webfonts/fa-solid-900.woff]
[www.rathan.cz/wp-content/plugins/elementor/assets/lib/font-awesome/webfonts/fa-solid-900.ttf]
[www.rathan.cz/wp-content/plugins/elementor/assets/lib/font-awesome/css/all.min12f9.css]
[www.rathan.cz/wp-content/plugins/elementor/assets/lib/font-awesome/css/v4-shims.min12f9.css]
[www.rathan.cz/wp-content/plugins/elementor/assets/lib/font-awesome/webfonts/fa-solid-900.svg]
[www.rathan.cz/wp-content/uploads/2020/01/acoustic-band-bass-blur-306081-1.jpg]
[www.rathan.cz/wp-content/uploads/2018/11/farm-land-during-sunset-51947.jpg]
[www.rathan.cz/wp-content/uploads/2020/01/rathan-073.jpg]
[www.rathan.cz/wp-content/uploads/elementor/css/post-128186.css]
[www.rathan.cz/wp-content/plugins/header-footer-elementor/inc/widgets-css/frontend10ef.css]
[www.rathan.cz/wp-content/uploads/elementor/css/post-108dafa.css]
[www.rathan.cz/wp-content/plugins/essential-addons-for-elementor-lite/assets/front-end/css/view/general.minb318.css]
[www.rathan.cz/wp-content/plugins/elementor/assets/lib/font-awesome/css/fontawesome.min52d5.css]
[www.rathan.cz/wp-content/plugins/elementor/assets/lib/font-awesome/css/solid.min52d5.css]
[www.rathan.cz/wp-content/plugins/elementor/assets/lib/font-awesome/css/brands.min52d5.css]
[www.rathan.cz/wp-json/oembed/1.0/embedbf8b.json]
[www.rathan.cz/events/xl-horacky-bal/feed/index.html]
[www.rathan.cz/wp-json/oembed/1.0/embed82d9]
[www.rathan.cz/wp-content/uploads/2026/01/612542700_1703927604290133_8656568385987459890_n-1024x536.jpg]
[www.rathan.cz/events/kost-slivovice/index.html]
[www.rathan.cz/wp-includes/js/comment-reply.mine159.js]
[www.rathan.cz/wp-content/plugins/simple-event-planner/public/js/jquery.plugin.minf269.js]
[www.rathan.cz/wp-content/plugins/simple-event-planner/public/js/jquery.countdown.min4c56.js]
[www.rathan.cz/events/xl-horacky-bal/index.html]
[www.rathan.cz/wp-content/plugins/simple-event-planner/public/js/simple-event-planner-public7976.js]
[www.rathan.cz/wp-json/oembed/1.0/embed8a90.json]
[www.rathan.cz/events/ples-mesta-trebic/feed/index.html]
[www.rathan.cz/wp-json/oembed/1.0/embede84d]
[www.rathan.cz/wp-content/uploads/2026/01/448-724x1024.jpg]
[www.rathan.cz/events/ples-mesta-trebic/index.html]
[www.rathan.cz/wp-json/oembed/1.0/embed3573.json]
[www.rathan.cz/events/ples-mesta-namest-nad-oslavou-2/feed/index.html]
[www.rathan.cz/events/ples-mesta-namest-nad-oslavou-2/index.html]
[www.rathan.cz/wp-content/plugins/elementor/assets/lib/animations/animations.min12f9.css]
[www.rathan.cz/wp-content/plugins/simple-event-planner/public/images/select-arrow.html]
[www.rathan.cz/wp-content/plugins/simple-event-planner/public/fonts/fontawesome-webfont3e6e.svg]
[www.rathan.cz/wp-content/plugins/elementor/assets/lib/eicons/fonts/eicons1ecc.svg]
[www.rathan.cz/wp-content/plugins/elementor/assets/lib/font-awesome/webfonts/fa-brands-400.svg]
[www.rathan.cz/wp-content/plugins/elementor/assets/lib/font-awesome/webfonts/fa-regular-400.svg]
[www.rathan.cz/wp-content/plugins/elementor/assets/lib/font-awesome/webfonts/fa-solid-900.svg]
[www.rathan.cz/wp-json/oembed/1.0/embed78cf]
[www.rathan.cz/wp-json/oembed/1.0/embed95d4.json]
[www.rathan.cz/events/kost-slivovice/feed/index.html]
[www.rathan.cz/events/posezeni-u-cimbalu-2/index.html]
[www.rathan.cz/events/kost-slivovice/index.html]
[www.rathan.cz/index7d08.html]
[www.rathan.cz/index2553.html]
[www.rathan.cz/indexfc9a.html]
[www.rathan.cz/wp-json/oembed/1.0/embed413d]
[www.rathan.cz/wp-json/oembed/1.0/embedfff7.json]
[www.rathan.cz/events/posezeni-u-cimbalu-2/feed/index.html]
[www.rathan.cz/events/posezeni-u-cimbalu-2/index.html]
[www.rathan.cz/indexe712.html]
[www.rathan.cz/wp-json/oembed/1.0/embed20c1]
[www.rathan.cz/events/bramborobrani-2/index.html]
[www.rathan.cz/wp-json/oembed/1.0/embed07a5.json]
[www.rathan.cz/events/bramborobrani-2/feed/index.html]
[www.rathan.cz/events/bramborobrani-2/index.html]
[www.rathan.cz/index6087.html]
[www.rathan.cz/wp-json/oembed/1.0/embed417d]
[www.rathan.cz/events/burcakove-slavnosti-2/index.html]
[www.rathan.cz/wp-json/oembed/1.0/embed6eac.json]
[www.rathan.cz/events/burcakove-slavnosti-2/feed/index.html]
[www.rathan.cz/events/burcakove-slavnosti-2/index.html]
[www.rathan.cz/indexc725.html]
[www.rathan.cz/wp-json/oembed/1.0/embedef65]
[www.rathan.cz/events/podjavinohrani-2025/index.html]
[www.rathan.cz/wp-json/oembed/1.0/embed903c.json]
[www.rathan.cz/events/podjavinohrani-2025/feed/index.html]
[www.rathan.cz/events/podjavinohrani-2025/index.html]
[www.rathan.cz/index6ade.html]
[www.rathan.cz/wp-json/oembed/1.0/embed7368]
[www.rathan.cz/events/mame-radi-vino-iv-rocnik/index.html]
[www.rathan.cz/wp-json/oembed/1.0/embed5115.json]
[www.rathan.cz/events/mame-radi-vino-iv-rocnik/feed/index.html]
[www.rathan.cz/events/mame-radi-vino-iv-rocnik/index.html]
[www.rathan.cz/indexb0f8.html]
[www.rathan.cz/wp-json/oembed/1.0/embed287d]
[www.rathan.cz/events/jarmark-4/index.html]
[www.rathan.cz/wp-json/oembed/1.0/embed9cf8.json]
[www.rathan.cz/events/jarmark-4/feed/index.html]
[www.rathan.cz/wp-json/oembed/1.0/embed47a6]
[www.rathan.cz/events/folklorni-odpoledne-2/index.html]
[www.rathan.cz/wp-content/uploads/2025/05/Jarmark-2025-plakát-728x1024.jpg]
[www.rathan.cz/events/jarmark-4/index.html]
[www.rathan.cz/indexd1c3.html]
[www.rathan.cz/wp-json/oembed/1.0/embed2e0a.json]
[www.rathan.cz/events/folklorni-odpoledne-2/feed/index.html]
[www.rathan.cz/wp-json/oembed/1.0/embed1ad6]
[www.rathan.cz/events/ochutnavka-vin-2/index.html]
[www.rathan.cz/wp-content/uploads/2025/05/rathan-mvt-smeral-2025-686x1024.jpg]
[www.rathan.cz/events/folklorni-odpoledne-2/index.html]
[www.rathan.cz/indexd2ad.html]
[www.rathan.cz/events/ochutnavka-vin-2/feed/index.html]
[www.rathan.cz/wp-json/oembed/1.0/embed980b.json]
[www.rathan.cz/events/xiii-vystava-vin-miroslavske-kninice/index.html]
[www.rathan.cz/events/ochutnavka-vin-2/index.html]
[www.rathan.cz/index55df.html]
[www.rathan.cz/wp-json/oembed/1.0/embedb05a]
[www.rathan.cz/wp-json/oembed/1.0/embedc4d7.json]
[www.rathan.cz/events/xiii-vystava-vin-miroslavske-kninice/feed/index.html]
[www.rathan.cz/events/xiii-vystava-vin-miroslavske-kninice/index.html]
[www.rathan.cz/index071d.html]
[www.rathan.cz/wp-json/oembed/1.0/embedfb9b]
[www.rathan.cz/events/ples-mesta-namest-nad-oslavou/index.html]
[www.rathan.cz/wp-json/oembed/1.0/embedbc0e.json]
[www.rathan.cz/events/ples-mesta-namest-nad-oslavou/feed/index.html]
[www.rathan.cz/events/ples-mesta-namest-nad-oslavou/index.html]
[www.rathan.cz/indexc9fb.html]
[www.rathan.cz/wp-json/oembed/1.0/embedc468]
[www.rathan.cz/events/kost-slivovic/index.html]
[www.rathan.cz/wp-json/oembed/1.0/embedb751.json]
[www.rathan.cz/events/kost-slivovic/feed/index.html]
[www.rathan.cz/events/43-martinkovske-hody/index.html]
[www.rathan.cz/events/kost-slivovic/index.html]
[www.rathan.cz/index8989.html]
[www.rathan.cz/wp-json/oembed/1.0/embedfd2a]
[www.rathan.cz/wp-json/oembed/1.0/embed7f53.json]
[www.rathan.cz/events/43-martinkovske-hody/feed/index.html]
[www.rathan.cz/events/horacky-bal-4/index.html]
[www.rathan.cz/events/43-martinkovske-hody/index.html]
[www.rathan.cz/index5cd0.html]
[www.rathan.cz/wp-json/oembed/1.0/embedc644]
[www.rathan.cz/wp-json/oembed/1.0/embed72d1.json]
[www.rathan.cz/events/horacky-bal-4/feed/index.html]
[www.rathan.cz/events/posezeni-u-cimbalu/index.html]
[www.rathan.cz/wp-json/oembed/1.0/embed92e5]
[www.rathan.cz/wp-content/uploads/2025/01/473010851_1368873904462173_5439912027887458191_n-1024x536.jpg]
[www.rathan.cz/events/horacky-bal-4/index.html]
[www.rathan.cz/index4db6.html]
[www.rathan.cz/wp-json/oembed/1.0/embed0543.json]
[www.rathan.cz/events/posezeni-u-cimbalu/feed/index.html]
[www.rathan.cz/events/galavecer-nf-stastna-hvezda/index.html]
[www.rathan.cz/events/posezeni-u-cimbalu/index.html]
[www.rathan.cz/indexa123.html]
[www.rathan.cz/wp-json/oembed/1.0/embed9212]
[www.rathan.cz/wp-json/oembed/1.0/embedf2c2.json]
[www.rathan.cz/events/galavecer-nf-stastna-hvezda/feed/index.html]
[www.rathan.cz/events/burcakove-slavnosti/index.html]
[www.rathan.cz/wp-json/oembed/1.0/embed2ffc]
[www.rathan.cz/events/galavecer-nf-stastna-hvezda/index.html]
[www.rathan.cz/wp-content/uploads/2024/09/449639810_882558450566153_6784355947979454245_n-724x1024.jpg]
[www.rathan.cz/index8962.html]
[www.rathan.cz/wp-json/oembed/1.0/embedf016.json]
[www.rathan.cz/events/burcakove-slavnosti/feed/index.html]
[www.rathan.cz/events/burcakove-slavnosti/index.html]
[www.rathan.cz/index7033.html]
[www.rathan.cz/wp-json/oembed/1.0/embedc397]
[www.rathan.cz/events/podjavinohrani-2024/index.html]
[www.rathan.cz/wp-json/oembed/1.0/embed0e5e.json]
[www.rathan.cz/events/podjavinohrani-2024/feed/index.html]
[www.rathan.cz/wp-json/oembed/1.0/embed3240]
[www.rathan.cz/events/42-martinkovske-hody/index.html]
[www.rathan.cz/wp-content/uploads/2024/09/Kopie-návrhu-PVH24-4-724x1024.png]
[www.rathan.cz/events/podjavinohrani-2024/index.html]
[www.rathan.cz/indexb022.html]
[www.rathan.cz/wp-json/oembed/1.0/embed5828.json]
[www.rathan.cz/events/42-martinkovske-hody/feed/index.html]
[www.rathan.cz/events/42-martinkovske-hody/index.html]
[www.rathan.cz/index8372.html]
[www.rathan.cz/wp-json/oembed/1.0/embed5f01]
[www.rathan.cz/events/jarmark-3/index.html]
[www.rathan.cz/wp-json/oembed/1.0/embed3381.json]
[www.rathan.cz/events/jarmark-3/feed/index.html]
[www.rathan.cz/events/jarmark-3/index.html]
[www.rathan.cz/index08c1.html]
[www.rathan.cz/wp-json/oembed/1.0/embed2ccc]
[www.rathan.cz/events/folklorni-odpoledne/index.html]
[www.rathan.cz/wp-json/oembed/1.0/embed961e.json]
[www.rathan.cz/events/folklorni-odpoledne/feed/index.html]
[www.rathan.cz/wp-json/oembed/1.0/embed3ed6]
[www.rathan.cz/events/15-rocnik-ochutnavky-moravskych-vin/index.html]
[www.rathan.cz/wp-content/uploads/2024/05/rathan-smeral-26-05-2024-61x91-v2-686x1024.jpg]
[www.rathan.cz/events/folklorni-odpoledne/index.html]
[www.rathan.cz/index44fb.html]
[www.rathan.cz/wp-json/oembed/1.0/embed98cc.json]
[www.rathan.cz/events/15-rocnik-ochutnavky-moravskych-vin/feed/index.html]
[www.rathan.cz/wp-json/oembed/1.0/embed20b3]
[www.rathan.cz/events/ochutnavka-vin/index.html]
[www.rathan.cz/wp-content/uploads/2024/03/Plakát-na-nástěnku-2024.docx_page-0001-725x1024.jpg]
[www.rathan.cz/events/15-rocnik-ochutnavky-moravskych-vin/index.html]
[www.rathan.cz/indexb702.html]
[www.rathan.cz/wp-json/oembed/1.0/embedba33.json]
[www.rathan.cz/events/ochutnavka-vin/feed/index.html]
[www.rathan.cz/events/ples-mesta/index.html]
[www.rathan.cz/wp-json/oembed/1.0/embed5938]
[www.rathan.cz/events/ochutnavka-vin/index.html]
[www.rathan.cz/wp-content/uploads/2024/02/ochutnávka-vín-z-vinařství-modrý-sklep-2-724x1024.png]
[www.rathan.cz/indexa180.html]
[www.rathan.cz/wp-json/oembed/1.0/embed0e79.json]
[www.rathan.cz/events/ples-mesta/feed/index.html]
[www.rathan.cz/events/ples-mesta/index.html]
[www.rathan.cz/index1d45.html]
[www.rathan.cz/wp-json/oembed/1.0/embedc0a8]
[www.rathan.cz/events/adventni-posezeni/index.html]
[www.rathan.cz/wp-json/oembed/1.0/embed1315.json]
[www.rathan.cz/events/adventni-posezeni/feed/index.html]
[www.rathan.cz/wp-json/oembed/1.0/embedb747]
[www.rathan.cz/events/horacky-bal-3/index.html]
[www.rathan.cz/wp-content/uploads/2023/12/prib-1.png]
[www.rathan.cz/events/adventni-posezeni/index.html]
[www.rathan.cz/indexbdc9.html]
[www.rathan.cz/wp-json/oembed/1.0/embed7417.json]
[www.rathan.cz/events/horacky-bal-3/feed/index.html]
[www.rathan.cz/events/1-charitativni-ples-hvezdny-vecer/index.html]
[www.rathan.cz/events/horacky-bal-3/index.html]
[www.rathan.cz/index53ba.html]
[www.rathan.cz/wp-json/oembed/1.0/embed6c13]
[www.rathan.cz/wp-json/oembed/1.0/embed713d.json]
[www.rathan.cz/events/beseda-u-cimbalu/index.html]
[www.rathan.cz/wp-json/oembed/1.0/embed28a4]
[www.rathan.cz/events/1-charitativni-ples-hvezdny-vecer/index.html]
[www.rathan.cz/wp-content/uploads/2023/11/315-20751c1fa1ff4882af2656401c297555-724x1024.jpg]
[www.rathan.cz/indexa351.html]
[www.rathan.cz/wp-json/oembed/1.0/embed4aeb.json]
[www.rathan.cz/events/beseda-u-cimbalu/feed/index.html]
[www.rathan.cz/events/bramborobrani/index.html]
[www.rathan.cz/events/beseda-u-cimbalu/index.html]
[www.rathan.cz/index33e1.html]
[www.rathan.cz/wp-json/oembed/1.0/embed3776]
[www.rathan.cz/events/bramborobrani/feed/index.html]
[www.rathan.cz/wp-json/oembed/1.0/embed1a30.json]
[www.rathan.cz/events/jarmark-2/index.html]
[www.rathan.cz/events/bramborobrani/index.html]
[www.rathan.cz/indexa722.html]
[www.rathan.cz/wp-json/oembed/1.0/embede1a4]
[www.rathan.cz/wp-json/oembed/1.0/embedd5b7.json]
[www.rathan.cz/events/jarmark-2/feed/index.html]
[www.rathan.cz/events/41-martinkovske-krojovane-hody/index.html]
[www.rathan.cz/events/jarmark-2/index.html]
[www.rathan.cz/indexe7fb.html]
[www.rathan.cz/wp-json/oembed/1.0/embed010c]
[www.rathan.cz/wp-json/oembed/1.0/embedbcda.json]
[www.rathan.cz/events/41-martinkovske-krojovane-hody/feed/index.html]
[www.rathan.cz/events/podjavinohrani/index.html]
[www.rathan.cz/events/41-martinkovske-krojovane-hody/index.html]
[www.rathan.cz/indexaa4f.html]
[www.rathan.cz/wp-json/oembed/1.0/embedafa5]
[www.rathan.cz/wp-json/oembed/1.0/embedcde3.json]
[www.rathan.cz/events/podjavinohrani/feed/index.html]
[www.rathan.cz/events/namestsky-ples/index.html]
[www.rathan.cz/events/podjavinohrani/index.html]
[www.rathan.cz/indexfe50.html]
[www.rathan.cz/wp-json/oembed/1.0/embed6c19]
[www.rathan.cz/wp-json/oembed/1.0/embedd51e.json]
[www.rathan.cz/events/namestsky-ples/feed/index.html]
[www.rathan.cz/events/horacky-bal-2/index.html]
[www.rathan.cz/events/namestsky-ples/index.html]
[www.rathan.cz/indexa1e2.html]
[www.rathan.cz/wp-json/oembed/1.0/embed4d44]
[www.rathan.cz/wp-json/oembed/1.0/embed68f0.json]
[www.rathan.cz/events/horacky-bal-2/feed/index.html]
[www.rathan.cz/events/horacky-bal-2/index.html]
[www.rathan.cz/index62bf.html]
[www.rathan.cz/wp-json/oembed/1.0/embed7722]
[www.rathan.cz/events/posezeni-s-cimbalovou-muzikou/index.html]
[www.rathan.cz/wp-json/oembed/1.0/embedaeda.json]
[www.rathan.cz/events/posezeni-s-cimbalovou-muzikou/feed/index.html]
[www.rathan.cz/wp-json/oembed/1.0/embed716e]
[www.rathan.cz/events/3-velkomeziricske-slavnosti-vina-a-jidla/index.html]
[obecdolnivilemovice.cz/wp-content/uploads/2022/09/rathan-3.jpg]
[www.rathan.cz/events/posezeni-s-cimbalovou-muzikou/index.html]
[www.rathan.cz/index246f.html]
[www.rathan.cz/events/3-velkomeziricske-slavnosti-vina-a-jidla/feed/index.html]
[www.rathan.cz/wp-json/oembed/1.0/embed840d.json]
[www.rathan.cz/events/den-obce/index.html]
[www.rathan.cz/events/3-velkomeziricske-slavnosti-vina-a-jidla/index.html]
[www.rathan.cz/indexf652.html]
[www.rathan.cz/wp-json/oembed/1.0/embedcba2]
[www.rathan.cz/wp-json/oembed/1.0/embeda68e.json]
[www.rathan.cz/events/den-obce/feed/index.html]
[www.rathan.cz/events/den-obce/index.html]
[www.rathan.cz/index46ad.html]
[www.rathan.cz/wp-json/oembed/1.0/embed45ef]
[www.rathan.cz/events/jarmark/index.html]
[www.rathan.cz/wp-json/oembed/1.0/embede3e6.json]
[www.rathan.cz/events/jarmark/feed/index.html]
[www.rathan.cz/events/jarmark/index.html]
[www.rathan.cz/index193e.html]
[www.rathan.cz/wp-json/oembed/1.0/embedc6c8]
[www.rathan.cz/events/mame-radi-vino-1-rocnik/index.html]
[www.rathan.cz/wp-json/oembed/1.0/embedad1e.json]
[www.rathan.cz/events/mame-radi-vino-1-rocnik/feed/index.html]
[www.rathan.cz/events/mame-radi-vino-1-rocnik/index.html]
[www.rathan.cz/index960c.html]
[www.rathan.cz/wp-json/oembed/1.0/embedd910]
[www.rathan.cz/events/40-martinkovske-hody/index.html]
[www.rathan.cz/wp-json/oembed/1.0/embed6d84.json]
[www.rathan.cz/events/40-martinkovske-hody/feed/index.html]
[www.rathan.cz/events/40-martinkovske-hody/index.html]
[www.rathan.cz/index0971.html]
[www.rathan.cz/wp-json/oembed/1.0/embede662]
[www.rathan.cz/events/carodejnice-open-air/index.html]
[www.rathan.cz/wp-json/oembed/1.0/embed3780.json]
[www.rathan.cz/events/carodejnice-open-air/feed/index.html]
[www.rathan.cz/events/carodejnice-open-air/index.html]
[www.rathan.cz/indexa7b7.html]
[www.rathan.cz/wp-json/oembed/1.0/embed7efc]
[www.rathan.cz/events/slavnosti-vina-a-folkloru/index.html]
[www.rathan.cz/wp-json/oembed/1.0/embeddc63.json]
[www.rathan.cz/events/slavnosti-vina-a-folkloru/feed/index.html]
[www.rathan.cz/events/slavnosti-vina-a-folkloru/index.html]
[www.rathan.cz/index5195.html]
[www.rathan.cz/wp-json/oembed/1.0/embedca3a]
[www.rathan.cz/events/stara-tkalcovna/index.html]
[www.rathan.cz/wp-json/oembed/1.0/embed3ab5.json]
[www.rathan.cz/events/stara-tkalcovna/feed/index.html]
[www.rathan.cz/events/stara-tkalcovna/index.html]
[www.rathan.cz/indexbcc1.html]
[www.rathan.cz/wp-json/oembed/1.0/embed63eb]
[www.rathan.cz/events/oslavy-650-vyroci-prvni-pisemne-zminky-o-okriskach/index.html]
[www.rathan.cz/wp-json/oembed/1.0/embed8136.json]
[www.rathan.cz/events/oslavy-650-vyroci-prvni-pisemne-zminky-o-okriskach/feed/index.html]
[www.rathan.cz/events/oslavy-650-vyroci-prvni-pisemne-zminky-o-okriskach/index.html]
[www.rathan.cz/index4126.html]
[www.rathan.cz/wp-json/oembed/1.0/embed95aa]
[www.rathan.cz/events/svatovaclavske-slavnosti/index.html]
[www.rathan.cz/wp-json/oembed/1.0/embed5e71.json]
[www.rathan.cz/events/svatovaclavske-slavnosti/feed/index.html]
[www.rathan.cz/events/svatovaclavske-slavnosti/index.html]
[www.rathan.cz/index092b.html]
[www.rathan.cz/wp-json/oembed/1.0/embedd3a9]
[www.rathan.cz/events/oslavy-700-let-obce-martinkov/index.html]
[www.rathan.cz/wp-json/oembed/1.0/embed784d.json]
[www.rathan.cz/events/oslavy-700-let-obce-martinkov/feed/index.html]
[www.rathan.cz/events/oslavy-700-let-obce-martinkov/index.html]
[www.rathan.cz/indexfdd5.html]
[www.rathan.cz/wp-json/oembed/1.0/embedb9f2]
[www.rathan.cz/events/letni-zabava/index.html]
[www.rathan.cz/wp-json/oembed/1.0/embeda5d7.json]
[www.rathan.cz/events/letni-zabava/feed/index.html]
[www.rathan.cz/events/letni-zabava/index.html]
[www.rathan.cz/indexd379.html]
[www.rathan.cz/wp-json/oembed/1.0/embed0444]
[www.rathan.cz/events/martinkovske-hody/index.html]
[www.rathan.cz/wp-json/oembed/1.0/embed6382.json]
[www.rathan.cz/events/martinkovske-hody/feed/index.html]
[www.rathan.cz/events/martinkovske-hody/index.html]
[www.rathan.cz/index5ff4.html]
[www.rathan.cz/wp-json/oembed/1.0/embed0e27]
[www.rathan.cz/events/obecni-slavnost/index.html]
[www.rathan.cz/wp-json/oembed/1.0/embedbefa.json]
[www.rathan.cz/events/obecni-slavnost/feed/index.html]
[www.rathan.cz/events/obecni-slavnost/index.html]
[www.rathan.cz/index6ca3.html]
[www.rathan.cz/wp-json/oembed/1.0/embed81da]
[www.rathan.cz/events/telcsky-jarmark/index.html]
[www.rathan.cz/wp-json/oembed/1.0/embedfe66.json]
[www.rathan.cz/events/telcsky-jarmark/feed/index.html]
[www.rathan.cz/events/telcsky-jarmark/index.html]
[www.rathan.cz/index7414.html]
[www.rathan.cz/wp-json/oembed/1.0/embede57e]
[www.rathan.cz/events/slavnostni-otevreni-obecniho-hotelu/index.html]
[www.rathan.cz/wp-json/oembed/1.0/embeddd16.json]
[www.rathan.cz/events/slavnostni-otevreni-obecniho-hotelu/feed/index.html]
[www.rathan.cz/events/slavnostni-otevreni-obecniho-hotelu/index.html]
[www.rathan.cz/index0745.html]
[www.rathan.cz/wp-json/oembed/1.0/embed68b9]
[www.rathan.cz/events/koncert-ke-20-vyroci-zalozeni-muziky/index.html]
[www.rathan.cz/wp-json/oembed/1.0/embed1cca.json]
[www.rathan.cz/events/koncert-ke-20-vyroci-zalozeni-muziky/feed/index.html]
[www.rathan.cz/events/koncert-ke-20-vyroci-zalozeni-muziky/index.html]
[www.rathan.cz/index7398.html]
[www.rathan.cz/wp-json/oembed/1.0/embed8b75]
[www.rathan.cz/events/38-martinkovske-krojovane-hody/index.html]
[www.rathan.cz/wp-json/oembed/1.0/embedffe8.json]
[www.rathan.cz/events/38-martinkovske-krojovane-hody/feed/index.html]
[www.rathan.cz/events/38-martinkovske-krojovane-hody/index.html]
[www.rathan.cz/index4976.html]
[www.rathan.cz/wp-json/oembed/1.0/embedfaed]
[www.rathan.cz/events/prehlidka-cimbalovych-muzik/index.html]
[www.rathan.cz/wp-json/oembed/1.0/embedbc94.json]
[www.rathan.cz/events/prehlidka-cimbalovych-muzik/feed/index.html]
[www.rathan.cz/events/prehlidka-cimbalovych-muzik/index.html]
[www.rathan.cz/index9a9b.html]
[www.rathan.cz/wp-json/oembed/1.0/embed9f20]
[www.rathan.cz/events/oslavy-700-let-martinkova/index.html]
[www.rathan.cz/wp-json/oembed/1.0/embed306b.json]
[www.rathan.cz/events/oslavy-700-let-martinkova/feed/index.html]
[www.rathan.cz/events/oslavy-700-let-martinkova/index.html]
[www.rathan.cz/indexc37e.html]
[www.rathan.cz/wp-json/oembed/1.0/embedbdf8]
[www.rathan.cz/events/slavnosti-vina/index.html]
[www.rathan.cz/wp-json/oembed/1.0/embedda5b.json]
[www.rathan.cz/events/xii-kostnicky-kost-slivovice-a-palenek/index.html]
[www.rathan.cz/events/slavnosti-vina/index.html]
[www.rathan.cz/indexcc08.html]
[www.rathan.cz/wp-json/oembed/1.0/embed3621]
[www.rathan.cz/wp-json/oembed/1.0/embedb4e8.json]
[www.rathan.cz/events/xii-kostnicky-kost-slivovice-a-palenek/index.html]
[www.rathan.cz/indexa51f.html]
[www.rathan.cz/events/horacky-jarmok/index.html]
[www.rathan.cz/wp-json/oembed/1.0/embed33a7]
[www.rathan.cz/wp-json/oembed/1.0/embed737a.json]
[www.rathan.cz/events/horacky-bal/index.html]
[www.rathan.cz/events/horacky-jarmok/index.html]
[www.rathan.cz/index8e0b.html]
[www.rathan.cz/wp-json/oembed/1.0/embedc39d]
[www.rathan.cz/wp-json/oembed/1.0/embed1ba4.json]
[www.rathan.cz/events/horacky-bal/index.html]
[www.rathan.cz/indexfaa1.html]
[www.rathan.cz/indexe3b6.html]
[www.rathan.cz/wp-json/oembed/1.0/embed22e8]
